Scope: all 10 workspace projects
Lockfile is up to date, resolution step is skipped
Progress: resolved 1, reused 0, downloaded 0, added 0
Packages: +598
++++++++++++++++++++++++++++++++++++++++++++++++++++++++++++++++++++++++++++++++
Progress: resolved 598, reused 598, downloaded 0, added 592
Progress: resolved 598, reused 598, downloaded 0, added 598, done

dependencies:
+ @agency_hub_core/platform-core <- packages/platform-core
+ @fastify/cookie 11.0.2
+ @fastify/static 9.1.3
+ @fastify/swagger 9.7.0
+ @fastify/swagger-ui 6.0.0
+ argon2 0.44.0
+ fastify 5.8.5
+ fastify-type-provider-zod 6.1.0
+ pg-boss 12.14.0
+ zod-to-json-schema 3.25.1

devDependencies:
+ @eslint/js 10.0.1
+ @types/node 24.12.0
+ @types/pg 8.18.0
+ @types/react 19.2.14
+ @types/react-dom 19.2.3
+ @typescript-eslint/parser 8.62.1
+ drizzle-kit 0.31.9
+ esbuild 0.25.12
+ eslint 10.6.0
+ pg 8.20.0
+ react 19.2.4
+ react-dom 19.2.4
+ testcontainers 11.12.0
+ tsx 4.21.0
+ typescript 6.0.3
+ typescript-eslint 8.63.0
+ vitest 4.1.10
+ zod 4.3.6

╭ Warning ─────────────────────────────────────────────────────────────────────╮
│                                                                              │
│   Ignored build scripts: argon2@0.44.0, cpu-features@0.0.10,                 │
│   esbuild@0.18.20, esbuild@0.25.12, esbuild@0.27.3, protobufjs@7.5.4,        │
│   ssh2@1.17.0.                                                               │
│   Run "pnpm approve-builds" to pick which dependencies should be allowed     │
│   to run scripts.                                                            │
│                                                                              │
╰──────────────────────────────────────────────────────────────────────────────╯
Done in 1.8s using pnpm v10.33.1
